2026-03-26 19:28:10.020 | INFO     | __main__:main:287 - Saving wandb logs to logs_rl/wsdpt_student_for_teacher_v8q8_002_debug/wsdpt_student_for_teacher_v8q8_002-20260326_192801/.wandb
2026-03-26 19:28:10.022 | DEBUG    | asyncio.selector_events:__init__:54 - Using selector: EpollSelector
2026-03-26 19:28:10.037 | DEBUG    | git.cmd:execute:1253 - Popen(['git', 'version'], cwd=/home/ziwang/projects/gr00t-wsg-teleop, stdin=None, shell=False, universal_newlines=False)
2026-03-26 19:28:10.040 | DEBUG    | git.cmd:execute:1253 - Popen(['git', 'version'], cwd=/home/ziwang/projects/gr00t-wsg-teleop, stdin=None, shell=False, universal_newlines=False)
2026-03-26 19:28:10.046 | DEBUG    | git.cmd:execute:1253 - Popen(['git', 'rev-parse', '--show-toplevel'], cwd=/home/ziwang/projects/gr00t-wsg-teleop, stdin=None, shell=False, universal_newlines=False)
2026-03-26 19:28:10.054 | DEBUG    | urllib3.connectionpool:_new_conn:1049 - Starting new HTTPS connection (1): api.wandb.ai:443
2026-03-26 19:28:10.155 | DEBUG    | urllib3.connectionpool:_make_request:544 - https://api.wandb.ai:443 "POST /graphql HTTP/1.1" 200 None
2026-03-26 19:28:10.251 | DEBUG    | urllib3.connectionpool:_make_request:544 - https://api.wandb.ai:443 "POST /graphql HTTP/1.1" 200 None
2026-03-26 19:28:10.288 | DEBUG    | sentry_sdk.scope:set_new_propagation_context:240 - [Tracing] Create new propagation context: {'trace_id': '2b892bcd774742d6a7c02765794a38e9', 'span_id': '8bb4b7d838d0ce9a', 'parent_span_id': None, 'dynamic_sampling_context': None}
2026-03-26 19:28:10.501 | DEBUG    | git.cmd:execute:1253 - Popen(['git', 'cat-file', '--batch-check'], cwd=/home/ziwang/projects/gr00t-wsg-teleop, stdin=<valid stream>, shell=False, universal_newlines=False)
2026-03-26 19:28:11.467 | INFO     | groot.rl.utils.helpers:pre_process_config:49 - obs_dims: {'base_lin_vel': 3, 'base_ang_vel': 3, 'projected_gravity': 3, 'actions': 31, 'stage': 5, 'delta_actions': 11, 'dof_pos': 43, 'dof_vel': 43, 'dof_pos_wo_finger': 29, 'dof_vel_wo_finger': 29, 'placement_pos': 2, 'table_pelvis_transform': 9, 'hold_fingers_tips_force': 12, 'hold_obj_transform': 9, 'hold_hand_object_transform': 9, 'target_place_pos': 3, 'grasp_fingers_tips_force': 12, 'grasp_obj_transform': 9, 'grasp_hand_object_transform': 9, 'target_lift_pos': 3, 'rgb_image': '108*192*3', 'rgb_image_delayed': '108*192*3', 'target_obj_pos': 3, 'b_homie_commands': 7, 'e_homie_dof_pos': 29, 'f_homie_dof_vel': 29, 'c_homie_base_ang_vel': 3, 'd_homie_projected_gravity': 3, 'homie_torso_ang_vel': 3, 'homie_torso_projected_gravity': 3, 'g_homie_body_actions': 15}
2026-03-26 19:28:11.481 | INFO     | groot.rl.utils.helpers:pre_process_config:68 - auxiliary_obs_dims: {'rgb_delay_buffer': 311040, 'history_long': 3285, 'a_history_homie': 430, 'history_short': 219}
2026-03-26 19:28:11.483 | INFO     | groot.rl.utils.helpers:pre_process_config:78 - actor_obs: base_ang_vel has dim: 3
2026-03-26 19:28:11.484 | INFO     | groot.rl.utils.helpers:pre_process_config:78 - actor_obs: projected_gravity has dim: 3
2026-03-26 19:28:11.484 | INFO     | groot.rl.utils.helpers:pre_process_config:78 - actor_obs: actions has dim: 31
2026-03-26 19:28:11.485 | INFO     | groot.rl.utils.helpers:pre_process_config:78 - actor_obs: dof_pos_wo_finger has dim: 29
2026-03-26 19:28:11.486 | INFO     | groot.rl.utils.helpers:pre_process_config:78 - actor_obs: dof_vel_wo_finger has dim: 29
2026-03-26 19:28:11.487 | INFO     | groot.rl.utils.helpers:pre_process_config:78 - actor_obs: delta_actions has dim: 11
2026-03-26 19:28:11.488 | INFO     | groot.rl.utils.helpers:pre_process_config:78 - actor_obs: b_homie_commands has dim: 7
2026-03-26 19:28:11.489 | INFO     | groot.rl.utils.helpers:pre_process_config:78 - vision_obs: rgb_image_delayed has dim: 62208
2026-03-26 19:28:11.489 | INFO     | groot.rl.utils.helpers:pre_process_config:78 - teacher_obs: base_lin_vel has dim: 3
2026-03-26 19:28:11.490 | INFO     | groot.rl.utils.helpers:pre_process_config:78 - teacher_obs: base_ang_vel has dim: 3
2026-03-26 19:28:11.491 | INFO     | groot.rl.utils.helpers:pre_process_config:78 - teacher_obs: projected_gravity has dim: 3
2026-03-26 19:28:11.492 | INFO     | groot.rl.utils.helpers:pre_process_config:78 - teacher_obs: actions has dim: 31
2026-03-26 19:28:11.493 | INFO     | groot.rl.utils.helpers:pre_process_config:78 - teacher_obs: stage has dim: 5
2026-03-26 19:28:11.494 | INFO     | groot.rl.utils.helpers:pre_process_config:78 - teacher_obs: delta_actions has dim: 11
2026-03-26 19:28:11.494 | INFO     | groot.rl.utils.helpers:pre_process_config:78 - teacher_obs: dof_pos has dim: 43
2026-03-26 19:28:11.495 | INFO     | groot.rl.utils.helpers:pre_process_config:78 - teacher_obs: dof_vel has dim: 43
2026-03-26 19:28:11.496 | INFO     | groot.rl.utils.helpers:pre_process_config:78 - teacher_obs: placement_pos has dim: 2
2026-03-26 19:28:11.497 | INFO     | groot.rl.utils.helpers:pre_process_config:78 - teacher_obs: table_pelvis_transform has dim: 9
2026-03-26 19:28:11.498 | INFO     | groot.rl.utils.helpers:pre_process_config:78 - teacher_obs: hold_fingers_tips_force has dim: 12
2026-03-26 19:28:11.499 | INFO     | groot.rl.utils.helpers:pre_process_config:78 - teacher_obs: hold_obj_transform has dim: 9
2026-03-26 19:28:11.499 | INFO     | groot.rl.utils.helpers:pre_process_config:78 - teacher_obs: hold_hand_object_transform has dim: 9
2026-03-26 19:28:11.500 | INFO     | groot.rl.utils.helpers:pre_process_config:78 - teacher_obs: target_place_pos has dim: 3
2026-03-26 19:28:11.501 | INFO     | groot.rl.utils.helpers:pre_process_config:78 - teacher_obs: grasp_fingers_tips_force has dim: 12
2026-03-26 19:28:11.502 | INFO     | groot.rl.utils.helpers:pre_process_config:78 - teacher_obs: grasp_obj_transform has dim: 9
2026-03-26 19:28:11.503 | INFO     | groot.rl.utils.helpers:pre_process_config:78 - teacher_obs: grasp_hand_object_transform has dim: 9
2026-03-26 19:28:11.504 | INFO     | groot.rl.utils.helpers:pre_process_config:78 - teacher_obs: target_lift_pos has dim: 3
2026-03-26 19:28:11.504 | INFO     | groot.rl.utils.helpers:pre_process_config:78 - teacher_obs: b_homie_commands has dim: 7
2026-03-26 19:28:11.505 | INFO     | groot.rl.utils.helpers:pre_process_config:78 - gt_obj_pos: target_obj_pos has dim: 3
2026-03-26 19:28:11.506 | INFO     | groot.rl.utils.helpers:pre_process_config:78 - critic_obs: base_lin_vel has dim: 3
2026-03-26 19:28:11.507 | INFO     | groot.rl.utils.helpers:pre_process_config:78 - critic_obs: base_ang_vel has dim: 3
2026-03-26 19:28:11.508 | INFO     | groot.rl.utils.helpers:pre_process_config:78 - critic_obs: projected_gravity has dim: 3
2026-03-26 19:28:11.509 | INFO     | groot.rl.utils.helpers:pre_process_config:78 - critic_obs: actions has dim: 31
2026-03-26 19:28:11.509 | INFO     | groot.rl.utils.helpers:pre_process_config:78 - critic_obs: stage has dim: 5
2026-03-26 19:28:11.510 | INFO     | groot.rl.utils.helpers:pre_process_config:78 - critic_obs: delta_actions has dim: 11
2026-03-26 19:28:11.511 | INFO     | groot.rl.utils.helpers:pre_process_config:78 - critic_obs: dof_pos has dim: 43
2026-03-26 19:28:11.512 | INFO     | groot.rl.utils.helpers:pre_process_config:78 - critic_obs: dof_vel has dim: 43
2026-03-26 19:28:11.513 | INFO     | groot.rl.utils.helpers:pre_process_config:78 - critic_obs: placement_pos has dim: 2
2026-03-26 19:28:11.513 | INFO     | groot.rl.utils.helpers:pre_process_config:78 - critic_obs: table_pelvis_transform has dim: 9
2026-03-26 19:28:11.514 | INFO     | groot.rl.utils.helpers:pre_process_config:78 - critic_obs: hold_fingers_tips_force has dim: 12
2026-03-26 19:28:11.515 | INFO     | groot.rl.utils.helpers:pre_process_config:78 - critic_obs: hold_obj_transform has dim: 9
2026-03-26 19:28:11.516 | INFO     | groot.rl.utils.helpers:pre_process_config:78 - critic_obs: hold_hand_object_transform has dim: 9
2026-03-26 19:28:11.517 | INFO     | groot.rl.utils.helpers:pre_process_config:78 - critic_obs: target_place_pos has dim: 3
2026-03-26 19:28:11.518 | INFO     | groot.rl.utils.helpers:pre_process_config:78 - critic_obs: grasp_fingers_tips_force has dim: 12
2026-03-26 19:28:11.518 | INFO     | groot.rl.utils.helpers:pre_process_config:78 - critic_obs: grasp_obj_transform has dim: 9
2026-03-26 19:28:11.519 | INFO     | groot.rl.utils.helpers:pre_process_config:78 - critic_obs: grasp_hand_object_transform has dim: 9
2026-03-26 19:28:11.520 | INFO     | groot.rl.utils.helpers:pre_process_config:78 - critic_obs: target_lift_pos has dim: 3
2026-03-26 19:28:11.521 | INFO     | groot.rl.utils.helpers:pre_process_config:78 - critic_obs: b_homie_commands has dim: 7
2026-03-26 19:28:11.521 | INFO     | groot.rl.utils.helpers:pre_process_config:81 - homie_obs: a_history_homie has dim: 430
2026-03-26 19:28:11.522 | INFO     | groot.rl.utils.helpers:pre_process_config:78 - homie_obs: b_homie_commands has dim: 7
2026-03-26 19:28:11.523 | INFO     | groot.rl.utils.helpers:pre_process_config:78 - homie_obs: c_homie_base_ang_vel has dim: 3
2026-03-26 19:28:11.524 | INFO     | groot.rl.utils.helpers:pre_process_config:78 - homie_obs: d_homie_projected_gravity has dim: 3
2026-03-26 19:28:11.524 | INFO     | groot.rl.utils.helpers:pre_process_config:78 - homie_obs: e_homie_dof_pos has dim: 29
2026-03-26 19:28:11.525 | INFO     | groot.rl.utils.helpers:pre_process_config:78 - homie_obs: f_homie_dof_vel has dim: 29
2026-03-26 19:28:11.526 | INFO     | groot.rl.utils.helpers:pre_process_config:78 - homie_obs: g_homie_body_actions has dim: 15
2026-03-26 19:28:11.527 | INFO     | groot.rl.utils.helpers:pre_process_config:89 - algo_obs_dim_dict: {'actor_obs': 113, 'vision_obs': 62208, 'teacher_obs': 226, 'gt_obj_pos': 3, 'critic_obs': 226, 'homie_obs': 516}
2026-03-26 19:28:11.527 | DEBUG    | groot.rl.utils.helpers:pre_process_config:100 - PPO CONFIG
2026-03-26 19:28:11.528 | DEBUG    | groot.rl.utils.helpers:pre_process_config:102 - {'encoder': {'input_dim': ['vision_obs'], 'output_dim': ['vision_feature_dim'], 'layer_config': {'type': 'CNN', 'channel_dims': [16, 32, 32], 'activation': 'ELU', 'norm_config': {'use_batch_norm': True}, 'layers': [{'type': 'conv', 'kernel_size': 3, 'stride': 1, 'padding': 1}, {'type': 'pool', 'kernel_size': 2, 'stride': 2}, {'type': 'conv', 'kernel_size': 3, 'stride': 1, 'padding': 1}, {'type': 'pool', 'kernel_size': 2, 'stride': 2}, {'type': 'conv', 'kernel_size': 3, 'stride': 1, 'padding': 1}]}}, 'actor': {'input_dim': ['actor_obs', 'vision_feature_dim'], 'output_dim': ['robot_action_dim'], 'layer_config': {'type': 'MLP', 'hidden_dims': [512, 256, 128], 'activation': 'ELU'}}, 'teacher_actor': {'input_dim': ['teacher_obs'], 'output_dim': ['robot_action_dim'], 'layer_config': {'type': 'MLP', 'hidden_dims': [512, 256, 128], 'activation': 'ELU'}}}
2026-03-26 19:28:11.721 | INFO     | groot.rl.simulator.isaacsim.isaacsim:__init__:173 - [TELEMETRY] Rank N/A: Entering IsaacSim.__init__ on device cuda:0
2026-03-26 19:28:11.722 | INFO     | groot.rl.simulator.isaacsim.isaacsim:__init__:176 - [TELEMETRY] Rank N/A: CUDA device idx=0, name=NVIDIA RTX 5880 Ada Generation, memory reserved=2.1MB, memory allocated=0.0MB
2026-03-26 19:28:11.780 | INFO     | groot.rl.simulator.isaacsim.isaacsim:__init__:221 - IsaacSim initialized.
2026-03-26 19:28:11.780 | INFO     | groot.rl.simulator.isaacsim.isaacsim:__init__:223 - [INFO]: Base environment:
2026-03-26 19:28:11.780 | INFO     | groot.rl.simulator.isaacsim.isaacsim:__init__:224 - 	Environment device    : cuda:0
2026-03-26 19:28:11.780 | INFO     | groot.rl.simulator.isaacsim.isaacsim:__init__:225 - 	Physics step-size     : 0.005
2026-03-26 19:28:11.781 | INFO     | groot.rl.simulator.isaacsim.isaacsim:__init__:226 - 	Rendering step-size   : 0.005
2026-03-26 19:28:11.781 | WARNING  | groot.rl.simulator.isaacsim.isaacsim:__init__:235 - The render interval (1) is smaller than the decimation (4). Multiple render calls will happen for each environment step.If this is not intended, set the render interval to be equal to the decimation.
2026-03-26 19:28:11.787 | INFO     | groot.rl.simulator.isaacsim.isaacsim:_setup_scene:576 - [TELEMETRY] Rank N/A: _setup_scene started
2026-03-26 19:28:11.788 | WARNING  | groot.rl.simulator.isaacsim.isaacsim:_setup_scene:590 - num_position_iterations: 8
2026-03-26 19:28:11.788 | WARNING  | groot.rl.simulator.isaacsim.isaacsim:_setup_scene:591 - num_velocity_iterations: 4
2026-03-26 19:28:11.809 | WARNING  | groot.rl.simulator.isaacsim.isaacsim:_setup_scene:731 - dof_armature_list [0.01017752004, 0.025101925, 0.01017752004, 0.025101925, 0.00721945, 0.00721945, 0.01017752004, 0.025101925, 0.01017752004, 0.025101925, 0.00721945, 0.00721945, 0.01017752004, 0.00721945, 0.00721945, 0.003609725, 0.003609725, 0.003609725, 0.003609725, 0.003609725, 0.00425, 0.00425, 0.01, 0.01, 0.01, 0.01, 0.01, 0.01, 0.01, 0.003609725, 0.003609725, 0.003609725, 0.003609725, 0.003609725, 0.00425, 0.00425, 0.01, 0.01, 0.01, 0.01, 0.01, 0.01, 0.01]
2026-03-26 19:28:11.809 | WARNING  | groot.rl.simulator.isaacsim.isaacsim:_setup_scene:732 - dof_joint_friction_list [0.0, 0.0, 0.0, 0.0, 0.0, 0.0, 0.0, 0.0, 0.0, 0.0, 0.0, 0.0, 0.0, 0.0, 0.0, 0.0, 0.0, 0.0, 0.0, 0.0, 0.0, 0.0, 0.0, 0.0, 0.0, 0.0, 0.0, 0.0, 0.0, 0.0, 0.0, 0.0, 0.0, 0.0, 0.0, 0.0, 0.0, 0.0, 0.0, 0.0, 0.0, 0.0, 0.0]
2026-03-26 19:28:12.032 | INFO     | groot.rl.simulator.isaacsim.isaacsim:_setup_scene:863 - camera_types: ['rgb']
2026-03-26 19:28:12.248 | DEBUG    | asyncio.selector_events:__init__:54 - Using selector: EpollSelector
2026-03-26 19:28:12.443 | DEBUG    | asyncio.selector_events:__init__:54 - Using selector: EpollSelector
2026-03-26 19:28:12.459 | DEBUG    | asyncio.selector_events:__init__:54 - Using selector: EpollSelector
2026-03-26 19:28:12.479 | DEBUG    | asyncio.selector_events:__init__:54 - Using selector: EpollSelector
2026-03-26 19:28:12.499 | DEBUG    | asyncio.selector_events:__init__:54 - Using selector: EpollSelector
2026-03-26 19:28:12.522 | DEBUG    | asyncio.selector_events:__init__:54 - Using selector: EpollSelector
2026-03-26 19:28:12.546 | DEBUG    | asyncio.selector_events:__init__:54 - Using selector: EpollSelector
2026-03-26 19:28:12.565 | DEBUG    | asyncio.selector_events:__init__:54 - Using selector: EpollSelector
2026-03-26 19:28:12.582 | DEBUG    | asyncio.selector_events:__init__:54 - Using selector: EpollSelector
2026-03-26 19:28:12.600 | DEBUG    | asyncio.selector_events:__init__:54 - Using selector: EpollSelector
2026-03-26 19:28:12.619 | DEBUG    | asyncio.selector_events:__init__:54 - Using selector: EpollSelector
2026-03-26 19:28:12.642 | DEBUG    | asyncio.selector_events:__init__:54 - Using selector: EpollSelector
2026-03-26 19:28:12.660 | DEBUG    | asyncio.selector_events:__init__:54 - Using selector: EpollSelector
2026-03-26 19:28:12.682 | DEBUG    | asyncio.selector_events:__init__:54 - Using selector: EpollSelector
2026-03-26 19:28:12.704 | DEBUG    | asyncio.selector_events:__init__:54 - Using selector: EpollSelector
2026-03-26 19:28:12.725 | DEBUG    | asyncio.selector_events:__init__:54 - Using selector: EpollSelector
2026-03-26 19:28:12.742 | DEBUG    | asyncio.selector_events:__init__:54 - Using selector: EpollSelector
2026-03-26 19:28:12.763 | DEBUG    | asyncio.selector_events:__init__:54 - Using selector: EpollSelector
2026-03-26 19:28:12.782 | DEBUG    | asyncio.selector_events:__init__:54 - Using selector: EpollSelector
2026-03-26 19:28:12.801 | DEBUG    | asyncio.selector_events:__init__:54 - Using selector: EpollSelector
2026-03-26 19:28:12.821 | DEBUG    | asyncio.selector_events:__init__:54 - Using selector: EpollSelector
2026-03-26 19:28:12.879 | DEBUG    | asyncio.selector_events:__init__:54 - Using selector: EpollSelector
2026-03-26 19:28:12.898 | DEBUG    | asyncio.selector_events:__init__:54 - Using selector: EpollSelector
2026-03-26 19:28:12.919 | DEBUG    | asyncio.selector_events:__init__:54 - Using selector: EpollSelector
2026-03-26 19:28:12.939 | DEBUG    | asyncio.selector_events:__init__:54 - Using selector: EpollSelector
2026-03-26 19:28:12.955 | DEBUG    | asyncio.selector_events:__init__:54 - Using selector: EpollSelector
2026-03-26 19:28:12.972 | DEBUG    | asyncio.selector_events:__init__:54 - Using selector: EpollSelector
2026-03-26 19:28:12.990 | DEBUG    | asyncio.selector_events:__init__:54 - Using selector: EpollSelector
2026-03-26 19:28:13.052 | DEBUG    | asyncio.selector_events:__init__:54 - Using selector: EpollSelector
2026-03-26 19:28:13.075 | DEBUG    | asyncio.selector_events:__init__:54 - Using selector: EpollSelector
2026-03-26 19:28:13.095 | DEBUG    | asyncio.selector_events:__init__:54 - Using selector: EpollSelector
2026-03-26 19:28:13.114 | DEBUG    | asyncio.selector_events:__init__:54 - Using selector: EpollSelector
2026-03-26 19:28:13.133 | DEBUG    | asyncio.selector_events:__init__:54 - Using selector: EpollSelector
2026-03-26 19:28:13.150 | DEBUG    | asyncio.selector_events:__init__:54 - Using selector: EpollSelector
2026-03-26 19:28:13.210 | DEBUG    | asyncio.selector_events:__init__:54 - Using selector: EpollSelector
2026-03-26 19:28:13.233 | DEBUG    | asyncio.selector_events:__init__:54 - Using selector: EpollSelector
2026-03-26 19:28:13.251 | DEBUG    | asyncio.selector_events:__init__:54 - Using selector: EpollSelector
2026-03-26 19:28:13.268 | DEBUG    | asyncio.selector_events:__init__:54 - Using selector: EpollSelector
2026-03-26 19:28:13.287 | DEBUG    | asyncio.selector_events:__init__:54 - Using selector: EpollSelector
2026-03-26 19:28:13.307 | DEBUG    | asyncio.selector_events:__init__:54 - Using selector: EpollSelector
2026-03-26 19:28:13.330 | DEBUG    | asyncio.selector_events:__init__:54 - Using selector: EpollSelector
2026-03-26 19:28:13.347 | DEBUG    | asyncio.selector_events:__init__:54 - Using selector: EpollSelector
2026-03-26 19:28:13.367 | DEBUG    | asyncio.selector_events:__init__:54 - Using selector: EpollSelector
2026-03-26 19:28:13.384 | DEBUG    | asyncio.selector_events:__init__:54 - Using selector: EpollSelector
2026-03-26 19:28:13.402 | DEBUG    | asyncio.selector_events:__init__:54 - Using selector: EpollSelector
2026-03-26 19:28:13.423 | DEBUG    | asyncio.selector_events:__init__:54 - Using selector: EpollSelector
2026-03-26 19:28:13.444 | DEBUG    | asyncio.selector_events:__init__:54 - Using selector: EpollSelector
2026-03-26 19:28:13.467 | DEBUG    | asyncio.selector_events:__init__:54 - Using selector: EpollSelector
2026-03-26 19:28:13.489 | DEBUG    | asyncio.selector_events:__init__:54 - Using selector: EpollSelector
2026-03-26 19:28:13.508 | DEBUG    | asyncio.selector_events:__init__:54 - Using selector: EpollSelector
2026-03-26 19:28:13.524 | DEBUG    | asyncio.selector_events:__init__:54 - Using selector: EpollSelector
2026-03-26 19:28:13.543 | DEBUG    | asyncio.selector_events:__init__:54 - Using selector: EpollSelector
2026-03-26 19:28:13.561 | DEBUG    | asyncio.selector_events:__init__:54 - Using selector: EpollSelector
2026-03-26 19:28:13.581 | DEBUG    | asyncio.selector_events:__init__:54 - Using selector: EpollSelector
2026-03-26 19:28:13.605 | DEBUG    | asyncio.selector_events:__init__:54 - Using selector: EpollSelector
2026-03-26 19:28:13.625 | DEBUG    | asyncio.selector_events:__init__:54 - Using selector: EpollSelector
2026-03-26 19:28:13.649 | DEBUG    | asyncio.selector_events:__init__:54 - Using selector: EpollSelector
2026-03-26 19:28:13.671 | INFO     | walk_stand_place_grasp_turn_homie:_init_usd_path_list:148 - Found 1 USD files in /home/ziwang/projects/gr00t-wsg-teleop/groot/rl/data/objects/grab
2026-03-26 19:28:13.671 | INFO     | walk_stand_place_grasp_turn_homie:_init_usd_path_list:149 - Object classes: ['bottle']
2026-03-26 19:28:13.671 | INFO     | walk_stand_place_grasp_turn_homie:_init_usd_path_list:150 - USD_PATH_LIST: 
2026-03-26 19:28:13.673 | INFO     | groot.rl.utils.teleop_reset_lib.motion_loader_wsppt:from_file:122 - Loading motion from groot/rl/data/motions/g1_wsdpt/33demos_675_775/record_2025-10-27_01-54-32_0.765m_v0.npz...
2026-03-26 19:28:13.680 | INFO     | groot.rl.utils.teleop_reset_lib.motion_loader_wsppt:__init__:116 - Motion loaded: duration: 11.620000000000001 sec, frames: 582
2026-03-26 19:28:13.681 | INFO     | groot.rl.utils.teleop_reset_lib.motion_loader_wsppt:from_file:122 - Loading motion from groot/rl/data/motions/g1_wsdpt/33demos_675_775/record_2025-10-27_01-40-00_0.755m_v1.npz...
2026-03-26 19:28:13.687 | INFO     | groot.rl.utils.teleop_reset_lib.motion_loader_wsppt:__init__:116 - Motion loaded: duration: 10.26 sec, frames: 514
2026-03-26 19:28:13.689 | INFO     | groot.rl.utils.teleop_reset_lib.motion_loader_wsppt:from_file:122 - Loading motion from groot/rl/data/motions/g1_wsdpt/33demos_675_775/record_2025-10-31_04-32-21_0.687m.npz...
2026-03-26 19:28:13.695 | INFO     | groot.rl.utils.teleop_reset_lib.motion_loader_wsppt:__init__:116 - Motion loaded: duration: 9.98 sec, frames: 500
2026-03-26 19:28:13.696 | INFO     | groot.rl.utils.teleop_reset_lib.motion_loader_wsppt:from_file:122 - Loading motion from groot/rl/data/motions/g1_wsdpt/33demos_675_775/record_2025-10-26_23-05-56_0.695m_v0.npz...
2026-03-26 19:28:13.700 | INFO     | groot.rl.utils.teleop_reset_lib.motion_loader_wsppt:__init__:116 - Motion loaded: duration: 11.72 sec, frames: 587
2026-03-26 19:28:13.701 | INFO     | groot.rl.utils.teleop_reset_lib.motion_loader_wsppt:from_file:122 - Loading motion from groot/rl/data/motions/g1_wsdpt/33demos_675_775/record_2025-10-14_22-06-43_0.750m.npz...
2026-03-26 19:28:13.704 | INFO     | groot.rl.utils.teleop_reset_lib.motion_loader_wsppt:__init__:116 - Motion loaded: duration: 10.08 sec, frames: 505
2026-03-26 19:28:13.705 | INFO     | groot.rl.utils.teleop_reset_lib.motion_loader_wsppt:from_file:122 - Loading motion from groot/rl/data/motions/g1_wsdpt/33demos_675_775/record_2025-10-26_22-36-28_0.685m_v0..npz...
2026-03-26 19:28:13.709 | INFO     | groot.rl.utils.teleop_reset_lib.motion_loader_wsppt:__init__:116 - Motion loaded: duration: 11.42 sec, frames: 572
2026-03-26 19:28:13.710 | INFO     | groot.rl.utils.teleop_reset_lib.motion_loader_wsppt:from_file:122 - Loading motion from groot/rl/data/motions/g1_wsdpt/33demos_675_775/record_2025-10-26_23-06-50_0.695m_v0.npz...
2026-03-26 19:28:13.713 | INFO     | groot.rl.utils.teleop_reset_lib.motion_loader_wsppt:__init__:116 - Motion loaded: duration: 12.16 sec, frames: 609
2026-03-26 19:28:13.714 | INFO     | groot.rl.utils.teleop_reset_lib.motion_loader_wsppt:from_file:122 - Loading motion from groot/rl/data/motions/g1_wsdpt/33demos_675_775/record_2025-10-27_00-01-05_0.715m_v1.npz...
2026-03-26 19:28:13.718 | INFO     | groot.rl.utils.teleop_reset_lib.motion_loader_wsppt:__init__:116 - Motion loaded: duration: 13.540000000000001 sec, frames: 678
2026-03-26 19:28:13.740 | INFO     | groot.rl.simulator.isaacsim.isaacsim:_setup_scene:1028 - Object class distribution across 24 environments:
2026-03-26 19:28:13.741 | INFO     | groot.rl.simulator.isaacsim.isaacsim:_setup_scene:1030 -   bottle: 24 environments (100.0%)
2026-03-26 19:28:16.804 | WARNING  | groot.rl.simulator.isaacsim.isaacsim:_setup_scene:1211 - Failed to get table top positions with RigidPrim method: 'IsaacSim' object has no attribute 'get_all_table_top_positions'
2026-03-26 19:28:16.805 | INFO     | groot.rl.simulator.isaacsim.isaacsim:_setup_scene:1215 - Successfully retrieved table top positions using USD method for 8 environments
2026-03-26 19:28:16.840 | INFO     | groot.rl.simulator.isaacsim.isaacsim:_setup_scene:1308 - [TELEMETRY] Rank N/A: _setup_scene completed all assets and sensors initialization
2026-03-26 19:28:16.842 | INFO     | groot.rl.simulator.isaacsim.isaacsim:__init__:256 - Starting the simulation. This may take a few seconds. Please wait...
