2026-04-12 18:22:59.356 | INFO     | __main__:main:294 - Saving wandb logs to logs_rl/wsdpt_teacher/loco_manip/walk_stand_place_grasp_turn_homie_walk_stand_place_grasp_turn_homie-20260412_182246/.wandb
2026-04-12 18:22:59.357 | DEBUG    | logging:callHandlers:1706 - Using selector: EpollSelector
2026-04-12 18:22:59.387 | DEBUG    | logging:callHandlers:1706 - Popen(['git', 'version'], cwd=/home/ziwang/projects/GR00T-VisualSim2Real, stdin=None, shell=False, universal_newlines=False)
2026-04-12 18:22:59.390 | DEBUG    | logging:callHandlers:1706 - Popen(['git', 'version'], cwd=/home/ziwang/projects/GR00T-VisualSim2Real, stdin=None, shell=False, universal_newlines=False)
2026-04-12 18:22:59.393 | DEBUG    | logging:callHandlers:1706 - sys.platform='linux', git_executable='git'
2026-04-12 18:22:59.394 | DEBUG    | logging:callHandlers:1706 - Popen(['git', 'rev-parse', '--show-toplevel'], cwd=/home/ziwang/projects/GR00T-VisualSim2Real, stdin=None, shell=False, universal_newlines=False)
2026-04-12 18:22:59.400 | DEBUG    | logging:callHandlers:1706 - Starting new HTTPS connection (1): api.wandb.ai:443
2026-04-12 18:22:59.498 | DEBUG    | logging:callHandlers:1706 - https://api.wandb.ai:443 "POST /graphql HTTP/1.1" 200 None
2026-04-12 18:22:59.609 | DEBUG    | logging:callHandlers:1706 - https://api.wandb.ai:443 "POST /graphql HTTP/1.1" 200 None
2026-04-12 18:22:59.928 | DEBUG    | logging:callHandlers:1706 - sys.platform='linux', git_executable='git'
2026-04-12 18:22:59.929 | DEBUG    | logging:callHandlers:1706 - Popen(['git', 'cat-file', '--batch-check'], cwd=/home/ziwang/projects/GR00T-VisualSim2Real, stdin=<valid stream>, shell=False, universal_newlines=False)
2026-04-12 18:23:01.057 | INFO     | gr00t.rl.utils.helpers:pre_process_config:49 - obs_dims: {'base_lin_vel': 3, 'base_ang_vel': 3, 'projected_gravity': 3, 'actions': 31, 'stage': 5, 'delta_actions': 11, 'dof_pos': 43, 'dof_vel': 43, 'placement_pos': 2, 'table_pelvis_transform': 9, 'hold_fingers_tips_force': 12, 'hold_obj_transform': 9, 'hold_hand_object_transform': 9, 'target_place_pos': 3, 'grasp_fingers_tips_force': 12, 'grasp_obj_transform': 9, 'grasp_hand_object_transform': 9, 'target_lift_pos': 3, 'b_homie_commands': 7, 'e_homie_dof_pos': 29, 'f_homie_dof_vel': 29, 'c_homie_base_ang_vel': 3, 'd_homie_projected_gravity': 3, 'homie_torso_ang_vel': 3, 'homie_torso_projected_gravity': 3, 'g_homie_body_actions': 15}
2026-04-12 18:23:01.074 | INFO     | gr00t.rl.utils.helpers:pre_process_config:68 - auxiliary_obs_dims: {'history_long': 3285, 'history_short': 219, 'a_history_homie': 430}
2026-04-12 18:23:01.075 | INFO     | gr00t.rl.utils.helpers:pre_process_config:78 - actor_obs: base_lin_vel has dim: 3
2026-04-12 18:23:01.076 | INFO     | gr00t.rl.utils.helpers:pre_process_config:78 - actor_obs: base_ang_vel has dim: 3
2026-04-12 18:23:01.077 | INFO     | gr00t.rl.utils.helpers:pre_process_config:78 - actor_obs: projected_gravity has dim: 3
2026-04-12 18:23:01.078 | INFO     | gr00t.rl.utils.helpers:pre_process_config:78 - actor_obs: actions has dim: 31
2026-04-12 18:23:01.079 | INFO     | gr00t.rl.utils.helpers:pre_process_config:78 - actor_obs: stage has dim: 5
2026-04-12 18:23:01.080 | INFO     | gr00t.rl.utils.helpers:pre_process_config:78 - actor_obs: delta_actions has dim: 11
2026-04-12 18:23:01.080 | INFO     | gr00t.rl.utils.helpers:pre_process_config:78 - actor_obs: dof_pos has dim: 43
2026-04-12 18:23:01.081 | INFO     | gr00t.rl.utils.helpers:pre_process_config:78 - actor_obs: dof_vel has dim: 43
2026-04-12 18:23:01.082 | INFO     | gr00t.rl.utils.helpers:pre_process_config:78 - actor_obs: placement_pos has dim: 2
2026-04-12 18:23:01.083 | INFO     | gr00t.rl.utils.helpers:pre_process_config:78 - actor_obs: table_pelvis_transform has dim: 9
2026-04-12 18:23:01.084 | INFO     | gr00t.rl.utils.helpers:pre_process_config:78 - actor_obs: hold_fingers_tips_force has dim: 12
2026-04-12 18:23:01.085 | INFO     | gr00t.rl.utils.helpers:pre_process_config:78 - actor_obs: hold_obj_transform has dim: 9
2026-04-12 18:23:01.086 | INFO     | gr00t.rl.utils.helpers:pre_process_config:78 - actor_obs: hold_hand_object_transform has dim: 9
2026-04-12 18:23:01.086 | INFO     | gr00t.rl.utils.helpers:pre_process_config:78 - actor_obs: target_place_pos has dim: 3
2026-04-12 18:23:01.087 | INFO     | gr00t.rl.utils.helpers:pre_process_config:78 - actor_obs: grasp_fingers_tips_force has dim: 12
2026-04-12 18:23:01.088 | INFO     | gr00t.rl.utils.helpers:pre_process_config:78 - actor_obs: grasp_obj_transform has dim: 9
2026-04-12 18:23:01.089 | INFO     | gr00t.rl.utils.helpers:pre_process_config:78 - actor_obs: grasp_hand_object_transform has dim: 9
2026-04-12 18:23:01.090 | INFO     | gr00t.rl.utils.helpers:pre_process_config:78 - actor_obs: target_lift_pos has dim: 3
2026-04-12 18:23:01.091 | INFO     | gr00t.rl.utils.helpers:pre_process_config:78 - actor_obs: b_homie_commands has dim: 7
2026-04-12 18:23:01.091 | INFO     | gr00t.rl.utils.helpers:pre_process_config:78 - critic_obs: base_lin_vel has dim: 3
2026-04-12 18:23:01.092 | INFO     | gr00t.rl.utils.helpers:pre_process_config:78 - critic_obs: base_ang_vel has dim: 3
2026-04-12 18:23:01.093 | INFO     | gr00t.rl.utils.helpers:pre_process_config:78 - critic_obs: projected_gravity has dim: 3
2026-04-12 18:23:01.094 | INFO     | gr00t.rl.utils.helpers:pre_process_config:78 - critic_obs: actions has dim: 31
2026-04-12 18:23:01.095 | INFO     | gr00t.rl.utils.helpers:pre_process_config:78 - critic_obs: stage has dim: 5
2026-04-12 18:23:01.096 | INFO     | gr00t.rl.utils.helpers:pre_process_config:78 - critic_obs: delta_actions has dim: 11
2026-04-12 18:23:01.096 | INFO     | gr00t.rl.utils.helpers:pre_process_config:78 - critic_obs: dof_pos has dim: 43
2026-04-12 18:23:01.097 | INFO     | gr00t.rl.utils.helpers:pre_process_config:78 - critic_obs: dof_vel has dim: 43
2026-04-12 18:23:01.098 | INFO     | gr00t.rl.utils.helpers:pre_process_config:78 - critic_obs: placement_pos has dim: 2
2026-04-12 18:23:01.099 | INFO     | gr00t.rl.utils.helpers:pre_process_config:78 - critic_obs: table_pelvis_transform has dim: 9
2026-04-12 18:23:01.100 | INFO     | gr00t.rl.utils.helpers:pre_process_config:78 - critic_obs: hold_fingers_tips_force has dim: 12
2026-04-12 18:23:01.101 | INFO     | gr00t.rl.utils.helpers:pre_process_config:78 - critic_obs: hold_obj_transform has dim: 9
2026-04-12 18:23:01.102 | INFO     | gr00t.rl.utils.helpers:pre_process_config:78 - critic_obs: hold_hand_object_transform has dim: 9
2026-04-12 18:23:01.103 | INFO     | gr00t.rl.utils.helpers:pre_process_config:78 - critic_obs: target_place_pos has dim: 3
2026-04-12 18:23:01.104 | INFO     | gr00t.rl.utils.helpers:pre_process_config:78 - critic_obs: grasp_fingers_tips_force has dim: 12
2026-04-12 18:23:01.104 | INFO     | gr00t.rl.utils.helpers:pre_process_config:78 - critic_obs: grasp_obj_transform has dim: 9
2026-04-12 18:23:01.105 | INFO     | gr00t.rl.utils.helpers:pre_process_config:78 - critic_obs: grasp_hand_object_transform has dim: 9
2026-04-12 18:23:01.106 | INFO     | gr00t.rl.utils.helpers:pre_process_config:78 - critic_obs: target_lift_pos has dim: 3
2026-04-12 18:23:01.107 | INFO     | gr00t.rl.utils.helpers:pre_process_config:78 - critic_obs: b_homie_commands has dim: 7
2026-04-12 18:23:01.107 | INFO     | gr00t.rl.utils.helpers:pre_process_config:81 - homie_obs: a_history_homie has dim: 430
2026-04-12 18:23:01.108 | INFO     | gr00t.rl.utils.helpers:pre_process_config:78 - homie_obs: b_homie_commands has dim: 7
2026-04-12 18:23:01.109 | INFO     | gr00t.rl.utils.helpers:pre_process_config:78 - homie_obs: c_homie_base_ang_vel has dim: 3
2026-04-12 18:23:01.110 | INFO     | gr00t.rl.utils.helpers:pre_process_config:78 - homie_obs: d_homie_projected_gravity has dim: 3
2026-04-12 18:23:01.111 | INFO     | gr00t.rl.utils.helpers:pre_process_config:78 - homie_obs: e_homie_dof_pos has dim: 29
2026-04-12 18:23:01.112 | INFO     | gr00t.rl.utils.helpers:pre_process_config:78 - homie_obs: f_homie_dof_vel has dim: 29
2026-04-12 18:23:01.112 | INFO     | gr00t.rl.utils.helpers:pre_process_config:78 - homie_obs: g_homie_body_actions has dim: 15
2026-04-12 18:23:01.113 | INFO     | gr00t.rl.utils.helpers:pre_process_config:89 - algo_obs_dim_dict: {'actor_obs': 226, 'critic_obs': 226, 'homie_obs': 516}
2026-04-12 18:23:01.113 | DEBUG    | gr00t.rl.utils.helpers:pre_process_config:100 - PPO CONFIG
2026-04-12 18:23:01.113 | DEBUG    | gr00t.rl.utils.helpers:pre_process_config:102 - {'actor': {'input_dim': ['actor_obs'], 'output_dim': ['robot_action_dim'], 'layer_config': {'type': 'MLP', 'hidden_dims': [512, 256, 128], 'activation': 'ELU'}}, 'critic': {'type': 'MLP', 'input_dim': ['critic_obs'], 'output_dim': [1], 'layer_config': {'type': 'MLP', 'hidden_dims': [512, 256, 128], 'activation': 'ELU'}}}
